[kindeditor.net/doc.html]
[backblue.gif]
[fade.gif]
[index.html]
[kindeditor.net/favicon.ico]
[kindeditor.net/css/mainfd47.css]
[kindeditor.net/ke4/themes/default/default79ed.css]
[kindeditor.net/prettify/prettify8b79.js]
[kindeditor.net/demo.html]
[kindeditor.net/images/logo.png]
[kindeditor.net/about.html]
[kindeditor.net/down.html]
[pagead2.googlesyndication.com/pagead/js/f.txt]
[kindeditor.net/case.html]
[kindeditor.net/docs/usage.html]
[kindeditor.net/docs/upgrade.html]
[kindeditor.net/ke4/kindeditor-all-min53a2.js]
[kindeditor.net/docs/option.html]
[kindeditor.net/docs/theme.html]
[kindeditor.net/docs/plugin.html]
[kindeditor.net/docs/upload.html]
[kindeditor.net/docs/qna.html]
[kindeditor.net/docs/core.html]
[kindeditor.net/docs/event.html]
[kindeditor.net/docs/selector.html]
[kindeditor.net/docs/node.html]
[kindeditor.net/docs/range.html]
[kindeditor.net/docs/cmd.html]
[kindeditor.net/docs/ajax.html]
[kindeditor.net/docs/widget.html]
[kindeditor.net/docs/menu.html]
[kindeditor.net/docs/colorpicker.html]
[kindeditor.net/docs/dialog.html]
[kindeditor.net/docs/tabs.html]
[kindeditor.net/docs/uploadbutton.html]
[kindeditor.net/docs/editor.html]
[kindeditor.net/doc3.html]
[kindeditor.net/doc39076.html]
[kindeditor.net/doc3ae65.html]
[kindeditor.net/doc334d3.html]
[kindeditor.net/doc.html]
[kindeditor.net/doc3a425.html]
[kindeditor.net/images/bg/header_common.png]
[kindeditor.net/images/bg/header_middle.png]
[kindeditor.net/images/bg/nav_point.gif]
[kindeditor.net/images/bg/inner_slider_bg.png]
[kindeditor.net/images/bg/slider_bg.png]
[kindeditor.net/images/bg/inner_top.png]
[kindeditor.net/images/button/home_download.png]
[kindeditor.net/images/bg/version_point.png]
[kindeditor.net/images/bg/inner_top_bg.png]
[kindeditor.net/images/bg/body_top_bg.png]
[kindeditor.net/images/bg/inner_top_middle.png]
[kindeditor.net/images/bg/body_top_middle.png]
[kindeditor.net/images/bg/body_bg.png]
[kindeditor.net/images/bg/body_bottom.png]
[kindeditor.net/images/bg/list_point.png]
[kindeditor.net/images/bg/title_bg.png]
[kindeditor.net/images/icons/new.gif]
[kindeditor.net/images/icons/download.png]
[kindeditor.net/images/button/download.png]
[kindeditor.net/images/icons/about.png]
[kindeditor.net/images/icons/document.png]
[kindeditor.net/css/mainfd47.css]
[kindeditor.net/prettify/prettifye51e.css]
[kindeditor.net/ke4/themes/default/default.png]
[kindeditor.net/ke4/themes/default/background.png]
[kindeditor.net/ke4/themes/common/loading.gif]
[kindeditor.net/ke4/themes/default/default79ed.css]
[pagead2.googlesyndication.com/pagead/f.txt]
[kindeditor.net/ke4/examples/default.html]
[kindeditor.net/ke4/examples/simple.html]
[kindeditor.net/ke4/examples/dynamic-load.html]
[kindeditor.net/ke4/examples/multi-language.html]
[kindeditor.net/ke4/examples/readonly.html]
[kindeditor.net/ke4/examples/newline.html]
[kindeditor.net/ke4/examples/word-count.html]
[kindeditor.net/ke4/examples/filter-mode.html]
[kindeditor.net/ke4/examples/url-type.html]
[kindeditor.net/ke4/examples/paste-type.html]
[kindeditor.net/ke4/examples/auto-height.html]
[kindeditor.net/ke4/examples/custom-theme.html]
[kindeditor.net/ke4/examples/qqstyle.html]
[kindeditor.net/ke4/examples/custom-plugin.html]
[kindeditor.net/ke4/examples/jquery.html]
[kindeditor.net/ke4/examples/mootools.html]
[kindeditor.net/ke4/examples/jquery-ui.html]
[kindeditor.net/ke4/examples/node.html]
[kindeditor.net/ke4/examples/uploadbutton.html]
[kindeditor.net/ke4/examples/dialog.html]
[kindeditor.net/ke4/examples/colorpicker.html]
[kindeditor.net/ke4/examples/file-manager.html]
[kindeditor.net/ke4/examples/image-dialog.html]
[kindeditor.net/ke4/examples/multi-image-dialog.html]
[kindeditor.net/demo.html]
[kindeditor.net/about.html]
[kindeditor.net/ke4/examples/file-dialog.html]
[kindeditor.net/down.html]
[kindeditor.net/images/logo/paipai.gif]
[kindeditor.net/docs/changelog.html]
[kindeditor.net/images/logo/youdao.gif]
[kindeditor.net/images/logo/tudou.gif]
[kindeditor.net/images/logo/snda.gif]
[kindeditor.net/images/logo/huawei.gif]
[kindeditor.net/images/logo/chinaz.gif]
[kindeditor.net/images/logo/oschina.gif]
[kindeditor.net/images/logo/cnbeta.gif]
[kindeditor.net/images/logo/pcpop.gif]
[kindeditor.net/images/logo/ddmap.gif]
[kindeditor.net/images/logo/cyworld.gif]
[kindeditor.net/images/logo/gxtv.gif]
[kindeditor.net/images/logo/mocook.gif]
[kindeditor.net/images/logo/axtrip.gif]
[kindeditor.net/images/logo/ideal.gif]
[kindeditor.net/images/logo/pazhou.gif]
[kindeditor.net/images/logo/iplayshopping.gif]
[kindeditor.net/images/logo/ccflow.gif]
[kindeditor.net/images/logo/xtools.gif]
[kindeditor.net/images/logo/shopxx.gif]
[kindeditor.net/images/logo/emlog.gif]
[kindeditor.net/images/logo/zentao.gif]
[kindeditor.net/images/logo/modoer.gif]
[kindeditor.net/images/logo/74cms.gif]
[kindeditor.net/images/logo/yidacms.jpg]
[kindeditor.net/images/logo/phpyun.png]
[kindeditor.net/case.html]
[kindeditor.net/docs/_static/classy.css]
[kindeditor.net/docs/_static/pygments.css]
[kindeditor.net/docs/_static/underscore.js]
[kindeditor.net/docs/index.html]
[kindeditor.net/docs/_static/doctools.js]
[kindeditor.net/docs/usage.html]
[kindeditor.net/docs/upgrade.html]
[kindeditor.net/docs/option.html]
[kindeditor.net/docs/genindex.html]
[kindeditor.net/docs/_static/jquery.js]
[kindeditor.net/docs/theme.html]
[kindeditor.net/docs/plugin.html]
[kindeditor.net/docs/upload.html]
[kindeditor.net/docs/qna.html]
[kindeditor.net/docs/core.html]
[kindeditor.net/docs/event.html]
[kindeditor.net/docs/selector.html]
[kindeditor.net/docs/node.html]
[kindeditor.net/docs/range.html]
[kindeditor.net/docs/cmd.html]
[kindeditor.net/docs/ajax.html]
[kindeditor.net/docs/widget.html]
[kindeditor.net/docs/menu.html]
[kindeditor.net/docs/colorpicker.html]
[kindeditor.net/docs/dialog.html]
[kindeditor.net/docs/tabs.html]
[kindeditor.net/docs/uploadbutton.html]
[kindeditor.net/docs/editor.html]
[kindeditor.net/doc3.html]
[kindeditor.net/doc39076.html]
[kindeditor.net/ke/examples/demo-17.html]
[kindeditor.net/doc3ae65.html]
[kindeditor.net/doc334d3.html]
[kindeditor.net/ke/examples/demo-18.html]
[kindeditor.net/images/firebug_upload_json.gif]
[kindeditor.net/doc3a425.html]
[kindeditor.net/ke4/themes/default/default.css]
[kindeditor.net/ke4/examples/default.html]
[kindeditor.net/ke4/examples/simple.html]
[kindeditor.net/ke4/lang/zh-CN.js]
[kindeditor.net/ke4/lib/jquery.js]
[kindeditor.net/ke4/examples/dynamic-load.html]
[kindeditor.net/ke4/examples/multi-language.html]
[kindeditor.net/ke4/examples/readonly.html]
[kindeditor.net/ke4/examples/newline.html]
[kindeditor.net/ke4/examples/word-count.html]
[kindeditor.net/ke4/examples/filter-mode.html]
[kindeditor.net/ke4/index.html]
[kindeditor.net/ke4/plugins/emoticons/images/0.gif]
[kindeditor.net/ke4/kindeditor-min.js]
[img1.cache.netease.com/img09/logo/logo.gif]
[kindeditor.net/ke4/examples/demo-19.html]
[kindeditor.net/ke4/examples/url-type.html]
[kindeditor.net/ke4/examples/paste-type.html]
[kindeditor.net/ke4/examples/auto-height.html]
[kindeditor.net/ke4/examples/custom-theme.html]
[kindeditor.net/ke4/examples/qqstyle.html]
[kindeditor.net/ke4/themes/default/default.gif]
[kindeditor.net/ke4/examples/custom-plugin.html]
[kindeditor.net/ke4/examples/jquery.html]
[kindeditor.net/ke4/lib/mootools.js]
[kindeditor.net/ke4/examples/mootools.html]
[kindeditor.net/ke4/lib/jquery-ui/css/smoothness/jquery-ui-1.9.2.custom.css]
[kindeditor.net/ke4/lib/jquery-ui/js/jquery-ui-1.9.2.custom.js]
[kindeditor.net/ke4/examples/jquery-ui.html]
[kindeditor.net/ke4/examples/node.html]
[kindeditor.net/ke4/examples/uploadbutton.html]
[kindeditor.net/ke4/examples/dialog.html]
[kindeditor.net/ke4/examples/colorpicker.html]
[kindeditor.net/ke4/examples/file-manager.html]
[kindeditor.net/ke4/examples/image-dialog.html]
[kindeditor.net/ke4/examples/multi-image-dialog.html]
[kindeditor.net/ke4/examples/file-dialog.html]
[kindeditor.net/docs/changelog.html]
[kindeditor.net/docs/_static/basic.css]
[kindeditor.net/docs/_static/classyjs.png]
[kindeditor.net/docs/_static/classy.css]
[kindeditor.net/docs/_static/pygments.css]
[kindeditor.net/ke4/kindeditor.js]
[kindeditor.net/docs/index.html]
[kindeditor.net/docs/genindex.html]
[kindeditor.net/index.html]
[kindeditor.net/ke/skins/default/default.gif]
[kindeditor.net/docs/search.html]
[kindeditor.net/ke/examples/demo-17.html]
[kindeditor.net/ke/examples/demo-18.html]
[kindeditor.net/ke4/themes/default/default.css]
[kindeditor.net/ke4/lib/jquery.html]
[kindeditor.net/ke4/index.html]
[kindeditor.net/ke4/examples/demo-19.html]
[kindeditor.net/ke4/lib/mootools.html]
[kindeditor.net/ke4/lib/jquery-ui/css/smoothness/jquery-ui-1.9.2.custom.html]
[kindeditor.net/ke4/lib/jquery-ui/js/jquery-ui-1.9.2.custom.html]
[kindeditor.net/ke/kindeditor.js]
[kindeditor.net/docs/_static/file.png]
[kindeditor.net/docs/_static/basic.css]
[kindeditor.net/docs/_static/classyjs.html]
[kindeditor.net/docs/_static/searchtools.js]
[kindeditor.net/docs/search.html]
[kindeditor.net/docs/searchindex.js]
[www.kindsoft.net/images/logo_180_30.gif]
